  VisionInspectionApp.Models -> G:\NODEJS\Vision2026\VisionInspectionApp.Models\bin\Debug\net8.0\VisionInspectionApp.Models.dll
  VisionInspectionApp.VisionEngine -> G:\NODEJS\Vision2026\VisionInspectionApp.VisionEngine\bin\Debug\net8.0\VisionInspectionApp.VisionEngine.dll
  VisionInspectionApp.Application -> G:\NODEJS\Vision2026\VisionInspectionApp.Application\bin\Debug\net8.0\VisionInspectionApp.Application.dll
  VisionInspectionApp.Persistence -> G:\NODEJS\Vision2026\VisionInspectionApp.Persistence\bin\Debug\net8.0\VisionInspectionApp.Persistence.dll
G:\NODEJS\Vision2026\VisionInspectionApp.UI\ViewModels\TeachViewModel.cs(313,26): error CS0104: 'Point' is an ambiguous reference between 'OpenCvSharp.Point' and 'System.Windows.Point' [G:\NODEJS\Vision2026\VisionInspectionApp.UI\VisionInspectionApp.UI_nl5kws4s_wpftmp.csproj]
G:\NODEJS\Vision2026\VisionInspectionApp.UI\ViewModels\TeachViewModel.cs(314,26): error CS0104: 'Point' is an ambiguous reference between 'OpenCvSharp.Point' and 'System.Windows.Point' [G:\NODEJS\Vision2026\VisionInspectionApp.UI\VisionInspectionApp.UI_nl5kws4s_wpftmp.csproj]

Build FAILED.

G:\NODEJS\Vision2026\VisionInspectionApp.UI\ViewModels\TeachViewModel.cs(313,26): error CS0104: 'Point' is an ambiguous reference between 'OpenCvSharp.Point' and 'System.Windows.Point' [G:\NODEJS\Vision2026\VisionInspectionApp.UI\VisionInspectionApp.UI_nl5kws4s_wpftmp.csproj]
G:\NODEJS\Vision2026\VisionInspectionApp.UI\ViewModels\TeachViewModel.cs(314,26): error CS0104: 'Point' is an ambiguous reference between 'OpenCvSharp.Point' and 'System.Windows.Point' [G:\NODEJS\Vision2026\VisionInspectionApp.UI\VisionInspectionApp.UI_nl5kws4s_wpftmp.csproj]
    0 Warning(s)
    2 Error(s)

Time Elapsed 00:00:02.46
